[2026-05-30T06:22:12.670Z] [client-001] ORDER_PLACED | 5000L DIESEL → Station A | orderId=order-1780122132345-diesel
[2026-05-30T06:22:12.692Z] [client-001] ORDER_PLACED | 1000L PETROL → Station A | orderId=order-1780122132345-petrol
[2026-05-30T06:22:12.700Z] [client-001] ORDER_PLACED | 3000L PREMIUM → Station A | orderId=order-1780122132345-premium
[2026-05-30T06:35:41.972Z] [client-001] ORDER_PLACED | 10000L DIESEL + 2000L PETROL + 1000L PREMIUM → Station A | orderId=order-1780122941963
[2026-05-30T06:36:12.521Z] [seller-001] ORDER_ACCEPTED | orderId=order-1780122941963
[2026-05-30T07:00:50.963Z] [seller-001] ASSIGNED_TO_TSP | orderId=order-1780122941963 | tsp=Transporter 1
[2026-05-30T07:04:54.460Z] [tsp-001] TRUCK_ASSIGNED | orderId=order-1780122941963 | truck=TRK-001 | driver=Driver | clientId=client-001
[2026-05-30T07:04:57.098Z] [tsp-001] JOURNEY_STARTED | orderId=order-1780122941963 | truck=TRK-001 | clientId=client-001 | dest=Station A
[2026-05-30T07:04:59.310Z] [tsp-001] TRUCK_ARRIVED | orderId=order-1780122941963 | clientId=client-001 | truck=TRK-001
[2026-05-30T07:05:38.361Z] [client-001] DELIVERY_CONFIRMED | orderId=order-1780122941963 | truck=TRK-001 | volume=13000L MIXED
[2026-05-30T07:07:50.181Z] [client-001] ORDER_PLACED | 5000L DIESEL + 5000L PETROL + 1000L PREMIUM → Station A | orderId=order-1780124870173
[2026-05-30T07:08:58.802Z] [seller-001] ORDER_ACCEPTED | orderId=order-1780124870173
[2026-05-30T07:09:38.909Z] [seller-001] ASSIGNED_TO_TSP | orderId=order-1780124870173 | tsp=Transporter 1
[2026-05-30T07:10:17.935Z] [tsp-001] TRUCK_ASSIGNED | orderId=order-1780124870173 | truck=TRK-001 | driver=Driver | clientId=client-001
[2026-05-30T07:10:20.599Z] [tsp-001] JOURNEY_STARTED | orderId=order-1780124870173 | truck=TRK-001 | clientId=client-001 | dest=Station A
[2026-05-30T07:10:22.332Z] [tsp-001] TRUCK_ARRIVED | orderId=order-1780124870173 | clientId=client-001 | truck=TRK-001
[2026-05-30T07:11:11.339Z] [client-001] DELIVERY_CONFIRMED | orderId=order-1780124870173 | truck=TRK-001 | volume=11000L MIXED
[2026-05-30T08:18:32.617Z] [client-001] ORDER_PLACED | 3000L DIESEL + 1000L PETROL + 1000L PREMIUM → Station A | orderId=order-1780129112609
[2026-05-30T08:19:00.093Z] [seller-001] ORDER_ACCEPTED | orderId=order-1780129112609
[2026-05-30T08:19:03.278Z] [seller-001] ASSIGNED_TO_TSP | orderId=order-1780129112609 | tsp=Transporter 1
[2026-05-30T08:19:25.026Z] [tsp-001] TRUCK_ASSIGNED | orderId=order-1780129112609 | truck=TRK-001 | driver=Driver | clientId=client-001
[2026-05-30T08:19:27.949Z] [tsp-001] JOURNEY_STARTED | orderId=order-1780129112609 | truck=TRK-001 | clientId=client-001 | dest=Station A
[2026-05-30T08:19:28.930Z] [tsp-001] TRUCK_ARRIVED | orderId=order-1780129112609 | clientId=client-001 | truck=TRK-001
[2026-05-30T08:20:06.527Z] [client-001] DELIVERY_CONFIRMED | orderId=order-1780129112609 | truck=TRK-001 | qrCode=QR-TRK-001
